
=== Sun Dec 16 22:36:01 2018

Packages were changed.
Update Mode: updateDependencies

The following packages were added:
  com.unity.collab-proxy@1.2.15
The following packages were updated:
  com.unity.ads from version 2.0.8 to 2.3.1
  com.unity.analytics from version 2.0.16 to 3.2.2
  com.unity.package-manager-ui from version 1.9.11 to 2.0.3
  com.unity.textmeshpro from version 1.2.4 to 1.3.0

=== Tue Dec 25 15:04:37 2018

Packages were changed.
Update Mode: updateDependencies

The following packages were added:
  com.unity.timeline@0.0.0-builtin
  com.unity.xr.legacyinputhelpers@1.0.0
The following packages were updated:
  com.unity.package-manager-ui from version 2.0.3 to 0.0.0-builtin

=== Thu Jan 17 18:11:48 2019

Packages were changed.
Update Mode: updateDependencies

The following packages were updated:
  com.unity.package-manager-ui from version 0.0.0-builtin to 2.1.1
  com.unity.timeline from version 0.0.0-builtin to 1.0.0

=== Thu Mar 14 10:38:53 2019

Packages were changed.
Update Mode: updateDependencies

The following packages were added:
  com.unity.2d.sprite@1.0.0
The following packages were updated:
  com.unity.collab-proxy from version 1.2.15 to 1.2.16
  com.unity.package-manager-ui from version 2.1.1 to 2.2.0
  com.unity.purchasing from version 2.0.3 to 2.0.6
