
=== Sun Dec 16 22:36:01 2018

Packages were changed.
Update Mode: updateDependencies

The following packages were added:
  com.unity.collab-proxy@1.2.15
The following packages were updated:
  com.unity.ads from version 2.0.8 to 2.3.1
  com.unity.analytics from version 2.0.16 to 3.2.2
  com.unity.package-manager-ui from version 1.9.11 to 2.0.3
  com.unity.textmeshpro from version 1.2.4 to 1.3.0

=== Tue Dec 25 15:04:37 2018

Packages were changed.
Update Mode: updateDependencies

The following packages were added:
  com.unity.timeline@0.0.0-builtin
  com.unity.xr.legacyinputhelpers@1.0.0
The following packages were updated:
  com.unity.package-manager-ui from version 2.0.3 to 0.0.0-builtin

=== Thu Jan 17 18:11:48 2019

Packages were changed.
Update Mode: updateDependencies

The following packages were updated:
  com.unity.package-manager-ui from version 0.0.0-builtin to 2.1.1
  com.unity.timeline from version 0.0.0-builtin to 1.0.0

=== Thu Mar 14 10:38:53 2019

Packages were changed.
Update Mode: updateDependencies

The following packages were added:
  com.unity.2d.sprite@1.0.0
The following packages were updated:
  com.unity.collab-proxy from version 1.2.15 to 1.2.16
  com.unity.package-manager-ui from version 2.1.1 to 2.2.0
  com.unity.purchasing from version 2.0.3 to 2.0.6

=== Sat Apr 13 15:47:41 2019

Packages were changed.
Update Mode: updateDependencies

The following packages were updated:
  com.unity.xr.legacyinputhelpers from version 1.0.0 to 2.0.2

=== Wed May  1 22:49:49 2019

Packages were changed.
Update Mode: updateDependencies

The following packages were added:
  com.unity.ide.vscode@1.0.3
  com.unity.ide.visualstudio@1.0.3
  com.unity.ide.rider@1.0.2

=== Fri May 10 18:19:59 2019

Packages were changed.
Update Mode: updateDependencies

The following packages were updated:
  com.unity.analytics from version 3.2.2 to 3.3.2
  com.unity.ide.rider from version 1.0.2 to 1.0.4
  com.unity.ide.visualstudio from version 1.0.3 to 1.0.5
  com.unity.ide.vscode from version 1.0.3 to 1.0.4
  com.unity.textmeshpro from version 1.3.0 to 2.0.0

=== Sat May 25 17:35:03 2019

Packages were changed.
Update Mode: updateDependencies

The following packages were updated:
  com.unity.timeline from version 1.0.0 to 1.1.0

=== Sat Jun  1 01:07:42 2019

Packages were changed.
Update Mode: updateDependencies

The following packages were updated:
  com.unity.textmeshpro from version 2.0.0 to 2.0.1

=== Tue Jun 18 10:50:03 2019

Packages were changed.
Update Mode: updateDependencies

The following packages were updated:
  com.unity.ide.rider from version 1.0.4 to 1.0.8
  com.unity.ide.vscode from version 1.0.4 to 1.0.7

=== Fri Jun 28 12:35:05 2019

Packages were changed.
Update Mode: updateDependencies

The following packages were updated:
  com.unity.ide.visualstudio from version 1.0.10 to 1.0.11
  com.unity.xr.legacyinputhelpers from version 2.0.2 to 2.0.4
The following packages were removed:
  com.unity.package-manager-ui@2.2.0

=== Sun Aug 18 14:07:17 2019

Packages were changed.
Update Mode: updateDependencies

The following packages were updated:
  com.unity.ide.rider from version 1.0.8 to 1.1.0
  com.unity.xr.legacyinputhelpers from version 2.0.4 to 2.0.6

=== Mon Sep  9 12:30:26 2019

Packages were changed.
Update Mode: updateDependencies

The following packages were updated:
  com.unity.timeline from version 1.1.0 to 1.2.1

=== Wed Sep 11 10:07:18 2019

Packages were changed.
Update Mode: updateDependencies

The following packages were updated:
  com.unity.ide.vscode from version 1.0.7 to 1.1.0
  com.unity.timeline from version 1.2.1 to 1.2.2

=== Sun Nov 10 13:34:36 2019

Packages were changed.
Update Mode: updateDependencies

The following packages were updated:
  com.unity.ads from version 3.2.0 to 3.3.1
  com.unity.timeline from version 1.2.2 to 1.3.0-preview.2
